#
# A fatal error has been detected by the Java Runtime Environment:
#
#  EXCEPTION_ACCESS_VIOLATION (0xc0000005) at pc=0x00007ff9d7769075, pid=20712, tid=7244
#
# JRE version: OpenJDK Runtime Environment Temurin-21.0.11+10 (21.0.11+10) (build 21.0.11+10-LTS)
# Java VM: OpenJDK 64-Bit Server VM Temurin-21.0.11+10 (21.0.11+10-LTS, mixed mode, sharing, tiered, compressed oops, compressed class ptrs, parallel gc, windows-amd64)
# Problematic frame:
# V  [jvm.dll+0x249075]
#
# No core dump will be written. Minidumps are not enabled by default on client versions of Windows
#
# If you would like to submit a bug report, please visit:
#   https://github.com/adoptium/adoptium-support/issues
#

---------------  S U M M A R Y ------------

Command Line: --add-modules=ALL-SYSTEM --add-opens=java.base/java.util=ALL-UNNAMED --add-opens=java.base/java.lang=ALL-UNNAMED --add-opens=java.base/sun.nio.fs=ALL-UNNAMED -Declipse.application=org.eclipse.jdt.ls.core.id1 -Dosgi.bundles.defaultStartLevel=4 -Declipse.product=org.eclipse.jdt.ls.core.product -Djava.import.generatesMetadataFilesAtProjectRoot=false -DDetectVMInstallationsJob.disabled=true -Dfile.encoding=utf8 -XX:+UseParallelGC -XX:GCTimeRatio=4 -XX:AdaptiveSizePolicyWeight=90 -Dsun.zip.disableMemoryMapping=true -Xmx2G -Xms100m -Xlog:disable -javaagent:c:\Users\HP\.vscode\extensions\redhat.java-1.55.0-win32-x64\lombok\lombok-1.18.39-4050.jar -XX:+HeapDumpOnOutOfMemoryError -XX:HeapDumpPath=c:\Users\HP\AppData\Roaming\Code\User\workspaceStorage\9b418166966bcfc5356a0ba98a6cbf51\redhat.java -Daether.dependencyCollector.impl=bf c:\Users\HP\.vscode\extensions\redhat.java-1.55.0-win32-x64\server\plugins\org.eclipse.equinox.launcher_1.7.200.v20260619-2039.jar -configuration c:\Users\HP\AppData\Roaming\Code\User\globalStorage\redhat.java\1.55.0\config_win -data c:\Users\HP\AppData\Roaming\Code\User\workspaceStorage\9b418166966bcfc5356a0ba98a6cbf51\redhat.java\jdt_ws --pipe=\\.\pipe\lsp-1f08a1c742e58b39a24d245fe7bcf7f2-sock

Host: Intel(R) Core(TM) i3-7020U CPU @ 2.30GHz, 4 cores, 7G,  Windows 10 , 64 bit Build 19041 (10.0.19041.5915)
Time: Sat Aug  8 10:07:57 2026 India Standard Time elapsed time: 49.252815 seconds (0d 0h 0m 49s)

---------------  T H R E A D  ---------------

Current thread (0x000001bbaa9b7370):  JavaThread "C2 CompilerThread0" daemon [_thread_in_vm, id=7244, stack(0x0000009e10600000,0x0000009e10700000) (1024K)]


Current CompileTask:
C2:49252 2137 %     4       java.io.DataOutputStream::writeUTF @ 10 (389 bytes)

Stack: [0x0000009e10600000,0x0000009e10700000],  sp=0x0000009e106fd350,  free space=1012k
Native frames: (J=compiled Java code, j=interpreted, Vv=VM code, C=native code)
V  [jvm.dll+0x249075]
V  [jvm.dll+0x1fbe7e]
V  [jvm.dll+0x1f8e0b]
V  [jvm.dll+0x6e7733]
V  [jvm.dll+0x1ce4fc]
V  [jvm.dll+0x2fa71c]
V  [jvm.dll+0x6f22b3]
V  [jvm.dll+0x6ea3a9]
V  [jvm.dll+0x6e9aa9]
V  [jvm.dll+0x6e7b2e]
V  [jvm.dll+0x1ce4fc]
V  [jvm.dll+0x24b919]
V  [jvm.dll+0x1cb4ae]
V  [jvm.dll+0x25baad]
V  [jvm.dll+0x25a03a]
V  [jvm.dll+0x3f868e]
V  [jvm.dll+0x85fb0d]
V  [jvm.dll+0x6d664d]
C  [ucrtbase.dll+0x21bb2]
C  [KERNEL32.DLL+0x17374]
C  [ntdll.dll+0x4cc91]


siginfo: EXCEPTION_ACCESS_VIOLATION (0xc0000005), reading address 0x0000013bc2222c40


Registers:
RAX=0x0000000000000002, RBX=0x0000013bc2222c30, RCX=0x0000013bc2222c30, RDX=0x000001bbaa9b4870
RSP=0x0000009e106fd350, RBP=0x000001bc0490f1d0, RSI=0x000001bbaa9f5268, RDI=0x000001bc03255ec8
R8 =0x0000000000000000, R9 =0x000001bbaab8b960, R10=0x0000009e106ff3a8, R11=0x0000000000000003
R12=0x000001bbaa9b7f30, R13=0x000001bbaab8b960, R14=0x000001bc0490f328, R15=0x000001bbaa9f5368
RIP=0x00007ff9d7769075, EFLAGS=0x0000000000010202

XMM[0]=0x0000000000000000 0x0000000000000000
XMM[1]=0x0000000000000000 0x000000003f800000
XMM[2]=0x000001bbaa9dac90 0x000001bbaa9dabb0
XMM[3]=0x0000000000000000 0x000000004419c000
XMM[4]=0x0000000000000000 0x0000000000000000
XMM[5]=0x0000000000000000 0x0000000000000000
XMM[6]=0x0000000000000000 0x000000004419c000
XMM[7]=0x0000000000000000 0x0000000000000000
XMM[8]=0x0000000000000000 0x0000000000000000
XMM[9]=0x0000000000000000 0x0000000000000000
XMM[10]=0x0000000000000000 0x0000000000000000
XMM[11]=0x0000000000000000 0x0000000000000000
XMM[12]=0x0000000000000000 0x0000000000000000
XMM[13]=0x0000000000000000 0x0000000000000000
XMM[14]=0x0000000000000000 0x0000000000000000
XMM[15]=0x0000000000000000 0x0000000000000000
  MXCSR=0x00001fa0


Register to memory mapping:

RAX=0x0000000000000002 is an unknown value
RBX=0x0000013bc2222c30 is an unknown value
RCX=0x0000013bc2222c30 is an unknown value
RDX=0x000001bbaa9b4870 points into unknown readable memory: 0x000001bc0490dcc8 | c8 dc 90 04 bc 01 00 00
RSP=0x0000009e106fd350 is pointing into the stack for thread: 0x000001bbaa9b7370
RBP=0x000001bc0490f1d0 is pointing into metadata
RSI=0x000001bbaa9f5268 points into unknown readable memory: 0x00007ff9d7f2fbe8 | e8 fb f2 d7 f9 7f 00 00
RDI=0x000001bc03255ec8 points into unknown readable memory: 0x00007ff9d7f2f788 | 88 f7 f2 d7 f9 7f 00 00
R8 =0x0 is null
R9 =0x000001bbaab8b960 points into unknown readable memory: 0x0055005c003a0007 | 07 00 3a 00 5c 00 55 00
R10=0x0000009e106ff3a8 is pointing into the stack for thread: 0x000001bbaa9b7370
R11=0x0000000000000003 is an unknown value
R12=0x000001bbaa9b7f30 points into unknown readable memory: 0x8000001200000001 | 01 00 00 00 12 00 00 80
R13=0x000001bbaab8b960 points into unknown readable memory: 0x0055005c003a0007 | 07 00 3a 00 5c 00 55 00
R14=0x000001bc0490f328 is pointing into metadata
R15=0x000001bbaa9f5368 points into unknown readable memory: 0x0000000000000000 | 00 00 00 00 00 00 00 00

Top of Stack: (sp=0x0000009e106fd350)
0x0000009e106fd350:   000001bc03255f38 0000013bc2222c30   8_%.....0,".;...
0x0000009e106fd360:   000001bbaa9b7f30 000001bc0490f1d0   0...............
0x0000009e106fd370:   000001bc03255f00 000001bbaab8b960   ._%.....`.......
0x0000009e106fd380:   0000013bc2222c30 000001bbaa9b7370   0,".;...ps......
0x0000009e106fd390:   000001bbaa9f5268 000001bc0490f1e8   hR..............
0x0000009e106fd3a0:   000001bc0490f1e8 00007ff9d771be7e   ........~.q.....
0x0000009e106fd3b0:   000001bc03255ec8 0000013bc2222c30   .^%.....0,".;...
0x0000009e106fd3c0:   000001bc0490f1e8 000001bbaa9f5268   ........hR......
0x0000009e106fd3d0:   000001bc0324ba78 00007ff9d7d9226a   x.$.....j"......
0x0000009e106fd3e0:   000001bc032583f8 000001bbaa9b7370   ..%.....ps......
0x0000009e106fd3f0:   000001bc0490f1d0 00007ff9d7520000   ..........R.....
0x0000009e106fd400:   0000000000000020 0000000000000000    ...............
0x0000009e106fd410:   0000000000000000 000001bc035fb0d8   .........._.....
0x0000009e106fd420:   000001bbaa9b7370 000001bbaa9b7ec0   ps.......~......
0x0000009e106fd430:   0000000000000070 00007ff9d7718e0b   p.........q.....
0x0000009e106fd440:   000001bbaa9b7ee0 000001bc03250410   .~........%.....
0x0000009e106fd450:   00000000000083b0 000001bc03255ec8   .........^%.....
0x0000009e106fd460:   000001bbc2222c30 000001bbaa9b7370   0,".....ps......
0x0000009e106fd470:   000001bc035fb0d8 0000009e106fd520   .._..... .o.....
0x0000009e106fd480:   000001bc036014c0 00007ff9d7c07733   ..`.....3w......
0x0000009e106fd490:   000001bbc2222c30 000001bc033986e0   0,".......9.....
0x0000009e106fd4a0:   0000000000000000 0000000000000070   ........p.......
0x0000009e106fd4b0:   0000000000000000 0000000000000001   ................
0x0000009e106fd4c0:   0000000000000000 0000000000000000   ................
0x0000009e106fd4d0:   00007ff9d7520000 000001bc035ff160   ..R.....`._.....
0x0000009e106fd4e0:   00000000fffffffc 000001bc035ff160   ........`._.....
0x0000009e106fd4f0:   0000000000000000 00007ff9d76ee4fc   ..........n.....
0x0000009e106fd500:   000001bc036014c0 0000000000000000   ..`.............
0x0000009e106fd510:   0000009e106fe770 0000000000000001   p.o.............
0x0000009e106fd520:   00007ff9d7fb62e8 0000000000000001   .b..............
0x0000009e106fd530:   0000009e106fe770 0000009e106ff3a0   p.o.......o.....
0x0000009e106fd540:   0000009e106fdcc0 0000000000000000   ..o.............

Instructions: (pc=0x00007ff9d7769075)
0x00007ff9d7768f75:   9f 00 0f 57 d2 4c 8b 74 24 20 48 8b 7c 24 28 48
0x00007ff9d7768f85:   8b 5c 24 48 48 85 c9 78 07 f2 48 0f 2a d1 eb 15
0x00007ff9d7768f95:   48 8b c1 83 e1 01 48 d1 e8 48 0b c1 f2 48 0f 2a
0x00007ff9d7768fa5:   d0 f2 0f 58 d2 f2 0f 10 0d 26 5e 7a 00 0f 28 c1
0x00007ff9d7768fb5:   f2 0f 5c c2 f2 0f 5e c8 f2 0f 11 0d b3 35 a5 00
0x00007ff9d7768fc5:   e8 36 9b 48 00 48 8b c8 48 b8 db 34 b6 d7 82 de
0x00007ff9d7768fd5:   1b 43 48 f7 e9 48 c1 fa 12 48 8b c2 48 c1 e8 3f
0x00007ff9d7768fe5:   48 03 d0 48 89 15 79 35 a5 00 48 83 c4 38 c3 cc
0x00007ff9d7768ff5:   cc cc cc cc cc cc cc cc cc cc cc 40 53 48 83 ec
0x00007ff9d7769005:   50 83 3d bb 01 9f 00 02 48 8b d9 75 08 32 c0 48
0x00007ff9d7769015:   83 c4 50 5b c3 65 48 8b 04 25 58 00 00 00 8b 0d
0x00007ff9d7769025:   7f 65 aa 00 48 89 7c 24 60 48 8b 3c c8 b8 70 00
0x00007ff9d7769035:   00 00 80 3c 38 00 75 05 e8 fe b5 70 00 b9 20 00
0x00007ff9d7769045:   00 00 48 89 5c 24 30 48 8b 0c 39 48 8b 7c 24 60
0x00007ff9d7769055:   48 89 4c 24 38 48 85 db 74 16 48 8b 89 30 03 00
0x00007ff9d7769065:   00 48 8d 54 24 68 48 89 5c 24 68 e8 cb 0d dc ff
0x00007ff9d7769075:   48 8b 43 10 48 85 c0 0f 84 d0 00 00 00 f6 80 cc
0x00007ff9d7769085:   00 00 00 01 bb 00 00 00 40 0f 29 74 24 40 74 05
0x00007ff9d7769095:   44 8b c3 eb 0a 44 8b 80 cc 00 00 00 41 d1 e8 f6
0x00007ff9d77690a5:   80 d0 00 00 00 01 75 08 8b 98 d0 00 00 00 d1 eb
0x00007ff9d77690b5:   0f 57 f6 48 8d 4c 24 30 f2 48 0f 2a 35 7a 27 9f
0x00007ff9d77690c5:   00 44 8b cb b2 03 f2 0f 5e 35 05 5d 7a 00 f2 0f
0x00007ff9d77690d5:   11 74 24 20 e8 32 ed ff ff 84 c0 75 56 4c 8d 44
0x00007ff9d77690e5:   24 68 ba 1a 00 00 00 48 8d 4c 24 30 e8 6a 11 02
0x00007ff9d77690f5:   00 84 c0 74 06 f2 0f 59 74 24 68 0f 57 c0 66 0f
0x00007ff9d7769105:   6e cb f2 48 0f 2a 05 d8 24 9f 00 f3 0f e6 c9 f2
0x00007ff9d7769115:   0f 59 c6 66 0f 2f c8 73 1a 0f 28 74 24 40 48 8d
0x00007ff9d7769125:   4c 24 30 32 db e8 d1 e6 15 00 0f b6 c3 48 83 c4
0x00007ff9d7769135:   50 5b c3 0f 28 74 24 40 48 8d 4c 24 30 b3 01 e8
0x00007ff9d7769145:   b7 e6 15 00 0f b6 c3 48 83 c4 50 5b c3 32 db 48
0x00007ff9d7769155:   8d 4c 24 30 e8 a2 e6 15 00 0f b6 c3 48 83 c4 50
0x00007ff9d7769165:   5b c3 cc cc cc cc cc cc cc cc cc 48 83 ec 38 48


Stack slot to memory mapping:

stack at sp + 0 slots: 0x000001bc03255f38 points into unknown readable memory: 0x2e6f692e6176616a | 6a 61 76 61 2e 69 6f 2e
stack at sp + 1 slots: 0x0000013bc2222c30 is an unknown value
stack at sp + 2 slots: 0x000001bbaa9b7f30 points into unknown readable memory: 0x8000001200000001 | 01 00 00 00 12 00 00 80
stack at sp + 3 slots: 0x000001bc0490f1d0 is pointing into metadata
stack at sp + 4 slots: 0x000001bc03255f00 points into unknown readable memory: 0x00007ff9d7f2eeb8 | b8 ee f2 d7 f9 7f 00 00
stack at sp + 5 slots: 0x000001bbaab8b960 points into unknown readable memory: 0x0055005c003a0007 | 07 00 3a 00 5c 00 55 00
stack at sp + 6 slots: 0x0000013bc2222c30 is an unknown value
stack at sp + 7 slots: 0x000001bbaa9b7370 is a thread


---------------  P R O C E S S  ---------------

Threads class SMR info:
_java_thread_list=0x000001bc033f1f70, length=15, elements={
0x000001bbaaac31a0, 0x000001bbaa9ab2c0, 0x000001bbaa9ae920, 0x000001bbaa9b2200,
0x000001bbaa9b2e60, 0x000001bbaa9b3ac0, 0x000001bbaa9b6530, 0x000001bbaa9b7370,
0x000001bbaaa28740, 0x000001bc03237be0, 0x000001bc0337e5c0, 0x000001bc03199710,
0x000001bc03672930, 0x000001bc03185810, 0x000001bc034021a0
}

Java Threads: ( => current thread )
  0x000001bbaaac31a0 JavaThread "main"                              [_thread_blocked, id=13208, stack(0x0000009e0fc00000,0x0000009e0fd00000) (1024K)]
  0x000001bbaa9ab2c0 JavaThread "Reference Handler"          daemon [_thread_blocked, id=19512, stack(0x0000009e10000000,0x0000009e10100000) (1024K)]
  0x000001bbaa9ae920 JavaThread "Finalizer"                  daemon [_thread_blocked, id=20356, stack(0x0000009e10100000,0x0000009e10200000) (1024K)]
  0x000001bbaa9b2200 JavaThread "Signal Dispatcher"          daemon [_thread_blocked, id=21544, stack(0x0000009e10200000,0x0000009e10300000) (1024K)]
  0x000001bbaa9b2e60 JavaThread "Attach Listener"            daemon [_thread_blocked, id=4024, stack(0x0000009e10300000,0x0000009e10400000) (1024K)]
  0x000001bbaa9b3ac0 JavaThread "Service Thread"             daemon [_thread_blocked, id=11884, stack(0x0000009e10400000,0x0000009e10500000) (1024K)]
  0x000001bbaa9b6530 JavaThread "Monitor Deflation Thread"   daemon [_thread_blocked, id=15972, stack(0x0000009e10500000,0x0000009e10600000) (1024K)]
=>0x000001bbaa9b7370 JavaThread "C2 CompilerThread0"         daemon [_thread_in_vm, id=7244, stack(0x0000009e10600000,0x0000009e10700000) (1024K)]
  0x000001bbaaa28740 JavaThread "C1 CompilerThread0"         daemon [_thread_blocked, id=16688, stack(0x0000009e10700000,0x0000009e10800000) (1024K)]
  0x000001bc03237be0 JavaThread "Common-Cleaner"             daemon [_thread_blocked, id=21820, stack(0x0000009e10800000,0x0000009e10900000) (1024K)]
  0x000001bc0337e5c0 JavaThread "Notification Thread"        daemon [_thread_blocked, id=18540, stack(0x0000009e10900000,0x0000009e10a00000) (1024K)]
  0x000001bc03199710 JavaThread "Active Thread: Equinox Container: 28e5fb6d-4d3f-438d-88f8-8a2182991ccc"        [_thread_blocked, id=20896, stack(0x0000009e10d00000,0x0000009e10e00000) (1024K)]
  0x000001bc03672930 JavaThread "Refresh Thread: Equinox Container: 28e5fb6d-4d3f-438d-88f8-8a2182991ccc" daemon [_thread_blocked, id=12164, stack(0x0000009e10e00000,0x0000009e10f00000) (1024K)]
  0x000001bc03185810 JavaThread "Framework Event Dispatcher: Equinox Container: 28e5fb6d-4d3f-438d-88f8-8a2182991ccc" daemon [_thread_blocked, id=16576, stack(0x0000009e10f00000,0x0000009e11000000) (1024K)]
  0x000001bc034021a0 JavaThread "Start Level: Equinox Container: 28e5fb6d-4d3f-438d-88f8-8a2182991ccc" daemon [_thread_blocked, id=3148, stack(0x0000009e11000000,0x0000009e11100000) (1024K)]
Total: 15

Other Threads:
  0x000001bbaab7e790 VMThread "VM Thread"                           [id=13408, stack(0x0000009e0ff00000,0x0000009e10000000) (1024K)] _threads_hazard_ptr=0x000001bc033f1f70
  0x000001bbaab2d070 WatcherThread "VM Periodic Task Thread"        [id=6396, stack(0x0000009e0fe00000,0x0000009e0ff00000) (1024K)]
  0x000001bbaaae0aa0 WorkerThread "GC Thread#0"                     [id=14300, stack(0x0000009e0fd00000,0x0000009e0fe00000) (1024K)]
  0x000001bc0394e8d0 WorkerThread "GC Thread#1"                     [id=14064, stack(0x0000009e10a00000,0x0000009e10b00000) (1024K)]
  0x000001bbaa9e2780 WorkerThread "GC Thread#2"                     [id=15044, stack(0x0000009e10b00000,0x0000009e10c00000) (1024K)]
  0x000001bbaa9e2b30 WorkerThread "GC Thread#3"                     [id=21944, stack(0x0000009e10c00000,0x0000009e10d00000) (1024K)]
Total: 6

Threads with active compile tasks:
C2 CompilerThread0  49418 2137 %     4       java.io.DataOutputStream::writeUTF @ 10 (389 bytes)
Total: 1

VM state: synchronizing (normal execution)

VM Mutex/Monitor currently owned by a thread:  ([mutex/lock_event])
[0x00007ff9d81df570] Threads_lock - owner thread: 0x000001bbaab7e790

Heap address: 0x0000000080000000, size: 2048 MB, Compressed Oops mode: 32-bit

CDS archive(s) mapped at: [0x000001bbc2000000-0x000001bbc2ba0000-0x000001bbc2ba0000), size 12189696, SharedBaseAddress: 0x000001bbc2000000, ArchiveRelocationMode: 1.
Compressed class space mapped at: 0x000001bbc3000000-0x000001bc03000000, reserved size: 1073741824
Narrow klass base: 0x000001bbc2000000, Narrow klass shift: 0, Narrow klass range: 0x100000000

GC Precious Log:
 CardTable entry size: 512
 CPUs: 4 total, 4 available
 Memory: 8071M
 Large Page Support: Disabled
 NUMA Support: Disabled
 Compressed Oops: Enabled (32-bit)
 Alignments: Space 512K, Generation 512K, Heap 2M
 Heap Min Capacity: 100M
 Heap Initial Capacity: 100M
 Heap Max Capacity: 2G
 Pre-touch: Disabled
 Parallel Workers: 4

Heap:
 PSYoungGen      total 29696K, used 24116K [0x00000000d5580000, 0x00000000d7680000, 0x0000000100000000)
  eden space 25600K, 78% used [0x00000000d5580000,0x00000000d6913bd0,0x00000000d6e80000)
  from space 4096K, 99% used [0x00000000d7280000,0x00000000d7679820,0x00000000d7680000)
  to   space 4096K, 0% used [0x00000000d6e80000,0x00000000d6e80000,0x00000000d7280000)
 ParOldGen       total 68608K, used 1974K [0x0000000080000000, 0x0000000084300000, 0x00000000d5580000)
  object space 68608K, 2% used [0x0000000080000000,0x00000000801edb30,0x0000000084300000)
 Metaspace       used 9488K, committed 9856K, reserved 1114112K
  class space    used 1013K, committed 1152K, reserved 1048576K

Card table byte_map: [0x000001bbaa470000,0x000001bbaa880000] _byte_map_base: 0x000001bbaa070000

Marking Bits: (ParMarkBitMap*) 0x00007ff9d81e4460
 Begin Bits: [0x000001bbbcf80000, 0x000001bbbef80000)
 End Bits:   [0x000001bbbef80000, 0x000001bbc0f80000)

Polling page: 0x000001bba8860000

Metaspace:

Usage:
  Non-class:      8.28 MB used.
      Class:   1013.99 KB used.
       Both:      9.27 MB used.

Virtual space:
  Non-class space:       64.00 MB reserved,       8.50 MB ( 13%) committed,  1 nodes.
      Class space:        1.00 GB reserved,       1.12 MB ( <1%) committed,  1 nodes.
             Both:        1.06 GB reserved,       9.62 MB ( <1%) committed. 

Chunk freelists:
   Non-Class:  6.67 MB
       Class:  14.78 MB
        Both:  21.45 MB

MaxMetaspaceSize: unlimited
CompressedClassSpaceSize: 1.00 GB
Initial GC threshold: 21.00 MB
Current GC threshold: 21.00 MB
CDS: on
 - commit_granule_bytes: 65536.
 - commit_granule_words: 8192.
 - virtual_space_node_default_size: 8388608.
 - enlarge_chunks_in_place: 1.
 - use_allocation_guard: 0.


Internal statistics:

num_allocs_failed_limit: 0.
num_arena_births: 258.
num_arena_deaths: 0.
num_vsnodes_births: 2.
num_vsnodes_deaths: 0.
num_space_committed: 154.
num_space_uncommitted: 0.
num_chunks_returned_to_freelist: 0.
num_chunks_taken_from_freelist: 509.
num_chunk_merges: 0.
num_chunk_splits: 327.
num_chunks_enlarged: 216.
num_inconsistent_stats: 0.

CodeHeap 'non-profiled nmethods': size=120000Kb used=991Kb max_used=991Kb free=119009Kb
 bounds [0x000001bbb57a0000, 0x000001bbb5a10000, 0x000001bbbccd0000]
CodeHeap 'profiled nmethods': size=120000Kb used=4028Kb max_used=4028Kb free=115971Kb
 bounds [0x000001bbadcd0000, 0x000001bbae0c0000, 0x000001bbb5200000]
CodeHeap 'non-nmethods': size=5760Kb used=1228Kb max_used=1255Kb free=4532Kb
 bounds [0x000001bbb5200000, 0x000001bbb5470000, 0x000001bbb57a0000]
CodeCache: size=245760Kb, used=6247Kb, max_used=6274Kb, free=239512Kb
 total_blobs=2666, nmethods=2174, adapters=398, full_count=0
Compilation: enabled, stopped_count=0, restarted_count=0

Compilation events (20 events):
Event: 49.008 Thread 0x000001bbaaa28740 2168       1       org.eclipse.osgi.container.ModuleRequirement::getAttributes (5 bytes)
Event: 49.008 Thread 0x000001bbaaa28740 nmethod 2168 0x000001bbb5897610 code [0x000001bbb58977a0, 0x000001bbb5897868]
Event: 49.009 Thread 0x000001bbaaa28740 2169       3       java.util.Collections$1::next (25 bytes)
Event: 49.009 Thread 0x000001bbaaa28740 nmethod 2169 0x000001bbae0bbf90 code [0x000001bbae0bc140, 0x000001bbae0bc360]
Event: 49.011 Thread 0x000001bbaaa28740 2170       1       org.eclipse.osgi.container.ModuleRevision::getVersion (5 bytes)
Event: 49.012 Thread 0x000001bbaaa28740 nmethod 2170 0x000001bbb5897910 code [0x000001bbb5897aa0, 0x000001bbb5897b68]
Event: 49.012 Thread 0x000001bbaaa28740 2171       3       java.util.Collections$SingletonSet::iterator (8 bytes)
Event: 49.012 Thread 0x000001bbaaa28740 nmethod 2171 0x000001bbae0bc490 code [0x000001bbae0bc640, 0x000001bbae0bc8e0]
Event: 49.012 Thread 0x000001bbaaa28740 2172       3       java.util.Collections$SingletonMap::hashCode (16 bytes)
Event: 49.013 Thread 0x000001bbaaa28740 nmethod 2172 0x000001bbae0bca10 code [0x000001bbae0bcbe0, 0x000001bbae0bcfe0]
Event: 49.013 Thread 0x000001bbaaa28740 2173       3       java.util.AbstractMap$SimpleImmutableEntry::<init> (15 bytes)
Event: 49.013 Thread 0x000001bbaaa28740 nmethod 2173 0x000001bbae0bd110 code [0x000001bbae0bd2c0, 0x000001bbae0bd458]
Event: 49.013 Thread 0x000001bbaaa28740 2174       3       java.util.Collections$SingletonMap::entrySet (34 bytes)
Event: 49.014 Thread 0x000001bbaaa28740 nmethod 2174 0x000001bbae0bd510 code [0x000001bbae0bd6e0, 0x000001bbae0bdbc8]
Event: 49.014 Thread 0x000001bbaaa28740 2175       3       java.util.Collections$UnmodifiableMap::hashCode (10 bytes)
Event: 49.015 Thread 0x000001bbaaa28740 nmethod 2175 0x000001bbae0bdd90 code [0x000001bbae0bdf40, 0x000001bbae0be118]
Event: 49.015 Thread 0x000001bbaaa28740 2176       3       java.util.AbstractMap::hashCode (45 bytes)
Event: 49.015 Thread 0x000001bbaaa28740 nmethod 2176 0x000001bbae0be210 code [0x000001bbae0be420, 0x000001bbae0bead0]
Event: 49.021 Thread 0x000001bbaaa28740 2177       3       java.lang.Long::numberOfTrailingZeros (26 bytes)
Event: 49.022 Thread 0x000001bbaaa28740 nmethod 2177 0x000001bbae0bec90 code [0x000001bbae0bee60, 0x000001bbae0bf010]

GC Heap History (4 events):
Event: 15.260 GC heap before
{Heap before GC invocations=1 (full 0):
 PSYoungGen      total 29696K, used 25600K [0x00000000d5580000, 0x00000000d7680000, 0x0000000100000000)
  eden space 25600K, 100% used [0x00000000d5580000,0x00000000d6e80000,0x00000000d6e80000)
  from space 4096K, 0% used [0x00000000d7280000,0x00000000d7280000,0x00000000d7680000)
  to   space 4096K, 0% used [0x00000000d6e80000,0x00000000d6e80000,0x00000000d7280000)
 ParOldGen       total 68608K, used 0K [0x0000000080000000, 0x0000000084300000, 0x00000000d5580000)
  object space 68608K, 0% used [0x0000000080000000,0x0000000080000000,0x0000000084300000)
 Metaspace       used 4405K, committed 4608K, reserved 1114112K
  class space    used 477K, committed 576K, reserved 1048576K
}
Event: 15.282 GC heap after
{Heap after GC invocations=1 (full 0):
 PSYoungGen      total 29696K, used 3271K [0x00000000d5580000, 0x00000000d7680000, 0x0000000100000000)
  eden space 25600K, 0% used [0x00000000d5580000,0x00000000d5580000,0x00000000d6e80000)
  from space 4096K, 79% used [0x00000000d6e80000,0x00000000d71b1e98,0x00000000d7280000)
  to   space 4096K, 0% used [0x00000000d7280000,0x00000000d7280000,0x00000000d7680000)
 ParOldGen       total 68608K, used 0K [0x0000000080000000, 0x0000000084300000, 0x00000000d5580000)
  object space 68608K, 0% used [0x0000000080000000,0x0000000080000000,0x0000000084300000)
 Metaspace       used 4405K, committed 4608K, reserved 1114112K
  class space    used 477K, committed 576K, reserved 1048576K
}
Event: 37.028 GC heap before
{Heap before GC invocations=2 (full 0):
 PSYoungGen      total 29696K, used 28871K [0x00000000d5580000, 0x00000000d7680000, 0x0000000100000000)
  eden space 25600K, 100% used [0x00000000d5580000,0x00000000d6e80000,0x00000000d6e80000)
  from space 4096K, 79% used [0x00000000d6e80000,0x00000000d71b1e98,0x00000000d7280000)
  to   space 4096K, 0% used [0x00000000d7280000,0x00000000d7280000,0x00000000d7680000)
 ParOldGen       total 68608K, used 0K [0x0000000080000000, 0x0000000084300000, 0x00000000d5580000)
  object space 68608K, 0% used [0x0000000080000000,0x0000000080000000,0x0000000084300000)
 Metaspace       used 8046K, committed 8320K, reserved 1114112K
  class space    used 838K, committed 960K, reserved 1048576K
}
Event: 37.039 GC heap after
{Heap after GC invocations=2 (full 0):
 PSYoungGen      total 29696K, used 4070K [0x00000000d5580000, 0x00000000d7680000, 0x0000000100000000)
  eden space 25600K, 0% used [0x00000000d5580000,0x00000000d5580000,0x00000000d6e80000)
  from space 4096K, 99% used [0x00000000d7280000,0x00000000d7679820,0x00000000d7680000)
  to   space 4096K, 0% used [0x00000000d6e80000,0x00000000d6e80000,0x00000000d7280000)
 ParOldGen       total 68608K, used 1974K [0x0000000080000000, 0x0000000084300000, 0x00000000d5580000)
  object space 68608K, 2% used [0x0000000080000000,0x00000000801edb30,0x0000000084300000)
 Metaspace       used 8046K, committed 8320K, reserved 1114112K
  class space    used 838K, committed 960K, reserved 1048576K
}

Dll operation events (9 events):
Event: 1.976 Loaded shared library c:\Users\HP\.vscode\extensions\redhat.java-1.55.0-win32-x64\jre\21.0.11-win32-x86_64\bin\java.dll
Event: 2.295 Loaded shared library c:\Users\HP\.vscode\extensions\redhat.java-1.55.0-win32-x64\jre\21.0.11-win32-x86_64\bin\zip.dll
Event: 2.563 Loaded shared library C:\Users\HP\.vscode\extensions\redhat.java-1.55.0-win32-x64\jre\21.0.11-win32-x86_64\bin\instrument.dll
Event: 6.884 Loaded shared library C:\Users\HP\.vscode\extensions\redhat.java-1.55.0-win32-x64\jre\21.0.11-win32-x86_64\bin\net.dll
Event: 7.606 Loaded shared library C:\Users\HP\.vscode\extensions\redhat.java-1.55.0-win32-x64\jre\21.0.11-win32-x86_64\bin\nio.dll
Event: 7.687 Loaded shared library C:\Users\HP\.vscode\extensions\redhat.java-1.55.0-win32-x64\jre\21.0.11-win32-x86_64\bin\zip.dll
Event: 7.829 Loaded shared library C:\Users\HP\.vscode\extensions\redhat.java-1.55.0-win32-x64\jre\21.0.11-win32-x86_64\bin\jimage.dll
Event: 8.945 Loaded shared library c:\Users\HP\.vscode\extensions\redhat.java-1.55.0-win32-x64\jre\21.0.11-win32-x86_64\bin\verify.dll
Event: 40.250 Loaded shared library C:\Users\HP\AppData\Roaming\Code\User\globalStorage\redhat.java\1.55.0\config_win\org.eclipse.equinox.launcher\org.eclipse.equinox.launcher.win32.win32.x86_64_1.3.100.v20260613-0559\eclipse_11924.dll

Deoptimization events (20 events):
Event: 40.795 Thread 0x000001bc034021a0 Uncommon trap: trap_request=0xffffff45 fr.pc=0x000001bbb58652e4 relative=0x0000000000000ea4
Event: 40.795 Thread 0x000001bc034021a0 Uncommon trap: reason=unstable_if action=reinterpret pc=0x000001bbb58652e4 method=java.lang.String.<init>(Ljava/nio/charset/Charset;[BII)V @ 6 c2
Event: 40.795 Thread 0x000001bc034021a0 DEOPT PACKING pc=0x000001bbb58652e4 sp=0x0000009e110fd9c0
Event: 40.795 Thread 0x000001bc034021a0 DEOPT UNPACKING pc=0x000001bbb5253aa2 sp=0x0000009e110fd990 mode 2
Event: 41.742 Thread 0x000001bc034021a0 Uncommon trap: trap_request=0xffffff45 fr.pc=0x000001bbb57dea74 relative=0x0000000000000054
Event: 41.742 Thread 0x000001bc034021a0 Uncommon trap: reason=unstable_if action=reinterpret pc=0x000001bbb57dea74 method=java.lang.CharacterData.of(I)Ljava/lang/CharacterData; @ 4 c2
Event: 41.742 Thread 0x000001bc034021a0 DEOPT PACKING pc=0x000001bbb57dea74 sp=0x0000009e110fd410
Event: 41.742 Thread 0x000001bc034021a0 DEOPT UNPACKING pc=0x000001bbb5253aa2 sp=0x0000009e110fd3a8 mode 2
Event: 41.947 Thread 0x000001bc034021a0 Uncommon trap: trap_request=0xffffffde fr.pc=0x000001bbb5880d94 relative=0x0000000000000334
Event: 41.947 Thread 0x000001bc034021a0 Uncommon trap: reason=class_check action=maybe_recompile pc=0x000001bbb5880d94 method=java.util.regex.Pattern$BmpCharPropertyGreedy.match(Ljava/util/regex/Matcher;ILjava/lang/CharSequence;)Z @ 26 c2
Event: 41.947 Thread 0x000001bc034021a0 DEOPT PACKING pc=0x000001bbb5880d94 sp=0x0000009e110fdb90
Event: 41.947 Thread 0x000001bc034021a0 DEOPT UNPACKING pc=0x000001bbb5253aa2 sp=0x0000009e110fdb28 mode 2
Event: 41.947 Thread 0x000001bc034021a0 Uncommon trap: trap_request=0xffffffde fr.pc=0x000001bbb5880d94 relative=0x0000000000000334
Event: 41.947 Thread 0x000001bc034021a0 Uncommon trap: reason=class_check action=maybe_recompile pc=0x000001bbb5880d94 method=java.util.regex.Pattern$BmpCharPropertyGreedy.match(Ljava/util/regex/Matcher;ILjava/lang/CharSequence;)Z @ 26 c2
Event: 41.947 Thread 0x000001bc034021a0 DEOPT PACKING pc=0x000001bbb5880d94 sp=0x0000009e110fdba0
Event: 41.947 Thread 0x000001bc034021a0 DEOPT UNPACKING pc=0x000001bbb5253aa2 sp=0x0000009e110fdb38 mode 2
Event: 41.956 Thread 0x000001bc034021a0 Uncommon trap: trap_request=0xffffff45 fr.pc=0x000001bbb5857c78 relative=0x0000000000000a18
Event: 41.956 Thread 0x000001bc034021a0 Uncommon trap: reason=unstable_if action=reinterpret pc=0x000001bbb5857c78 method=java.util.concurrent.ConcurrentHashMap.putVal(Ljava/lang/Object;Ljava/lang/Object;Z)Ljava/lang/Object; @ 148 c2
Event: 41.956 Thread 0x000001bc034021a0 DEOPT PACKING pc=0x000001bbb5857c78 sp=0x0000009e110fe0c0
Event: 41.956 Thread 0x000001bc034021a0 DEOPT UNPACKING pc=0x000001bbb5253aa2 sp=0x0000009e110fe030 mode 2

Classes loaded (20 events):
Event: 41.593 Loading class java/util/Formatter$FixedString
Event: 41.594 Loading class java/util/Formatter$FixedString done
Event: 41.594 Loading class java/time/ZonedDateTime$1
Event: 41.594 Loading class java/time/ZonedDateTime$1 done
Event: 41.612 Loading class jdk/internal/module/ModulePatcher$PatchedModuleReader
Event: 41.613 Loading class jdk/internal/module/ModulePatcher$PatchedModuleReader done
Event: 41.626 Loading class sun/util/resources/LocaleData$CommonResourceBundleProvider
Event: 41.626 Loading class sun/util/resources/LocaleData$LocaleDataResourceBundleProvider
Event: 41.627 Loading class java/util/spi/ResourceBundleProvider
Event: 41.627 Loading class java/util/spi/ResourceBundleProvider done
Event: 41.627 Loading class sun/util/resources/LocaleData$LocaleDataResourceBundleProvider done
Event: 41.627 Loading class sun/util/resources/LocaleData$CommonResourceBundleProvider done
Event: 41.707 Loading class sun/text/resources/cldr/FormatData_en
Event: 41.708 Loading class sun/text/resources/cldr/FormatData_en done
Event: 41.708 Loading class sun/util/resources/Bundles$2
Event: 41.709 Loading class sun/util/resources/Bundles$2 done
Event: 48.969 Loading class java/io/DataOutputStream
Event: 48.969 Loading class java/io/DataOutputStream done
Event: 49.005 Loading class java/util/RegularEnumSet$EnumSetIterator
Event: 49.005 Loading class java/util/RegularEnumSet$EnumSetIterator done

Classes unloaded (0 events):
No events

Classes redefined (0 events):
No events

Internal exceptions (20 events):
Event: 15.478 Thread 0x000001bbaaac31a0 Implicit null exception at 0x000001bbb5800c49 to 0x000001bbb58015fc
Event: 15.478 Thread 0x000001bbaaac31a0 Implicit null exception at 0x000001bbb581139a to 0x000001bbb58115bc
Event: 15.479 Thread 0x000001bbaaac31a0 Exception <a 'java/lang/NoSuchMethodError'{0x00000000d56c69c0}: 'void java.lang.invoke.DirectMethodHandle$Holder.invokeStatic(java.lang.Object, java.lang.Object, java.lang.Object, java.lang.Object)'> (0x00000000d56c69c0) 
thrown [s\src\hotspot\share\interpreter\linkResolver.cpp, line 773]
Event: 15.486 Thread 0x000001bbaaac31a0 Implicit null exception at 0x000001bbb580cf9a to 0x000001bbb580d1bc
Event: 15.486 Thread 0x000001bbaaac31a0 Implicit null exception at 0x000001bbb5804140 to 0x000001bbb58041c5
Event: 16.000 Thread 0x000001bbaaac31a0 Exception <a 'java/lang/NoSuchMethodError'{0x00000000d59af5a8}: 'void java.lang.invoke.DirectMethodHandle$Holder.invokeSpecial(java.lang.Object, java.lang.Object, java.lang.Object)'> (0x00000000d59af5a8) 
thrown [s\src\hotspot\share\interpreter\linkResolver.cpp, line 773]
Event: 17.869 Thread 0x000001bbaaac31a0 Exception <a 'java/lang/NoSuchMethodError'{0x00000000d641e750}: 'int java.lang.invoke.DirectMethodHandle$Holder.invokeVirtual(java.lang.Object, java.lang.Object)'> (0x00000000d641e750) 
thrown [s\src\hotspot\share\interpreter\linkResolver.cpp, line 773]
Event: 18.707 Thread 0x000001bbaaac31a0 Exception <a 'java/lang/NoSuchMethodError'{0x00000000d65a4938}: 'int java.lang.invoke.DirectMethodHandle$Holder.invokeStaticInit(java.lang.Object, java.lang.Object, java.lang.Object, java.lang.Object)'> (0x00000000d65a4938) 
thrown [s\src\hotspot\share\interpreter\linkResolver.cpp, line 773]
Event: 18.709 Thread 0x000001bbaaac31a0 Exception <a 'java/lang/IncompatibleClassChangeError'{0x00000000d65ad020}: Found class java.lang.Object, but interface was expected> (0x00000000d65ad020) 
thrown [s\src\hotspot\share\interpreter\linkResolver.cpp, line 840]
Event: 18.710 Thread 0x000001bbaaac31a0 Exception <a 'java/lang/NoSuchMethodError'{0x00000000d65b3ed0}: 'void java.lang.invoke.DirectMethodHandle$Holder.invokeStaticInit(java.lang.Object, java.lang.Object)'> (0x00000000d65b3ed0) 
thrown [s\src\hotspot\share\interpreter\linkResolver.cpp, line 773]
Event: 18.712 Thread 0x000001bbaaac31a0 Exception <a 'java/lang/NoSuchMethodError'{0x00000000d65bd988}: 'int java.lang.invoke.DirectMethodHandle$Holder.invokeStaticInit(java.lang.Object, java.lang.Object)'> (0x00000000d65bd988) 
thrown [s\src\hotspot\share\interpreter\linkResolver.cpp, line 773]
Event: 18.957 Thread 0x000001bbaaac31a0 Exception <a 'java/lang/NoSuchMethodError'{0x00000000d680daf8}: 'java.lang.Object java.lang.invoke.DirectMethodHandle$Holder.newInvokeSpecial(java.lang.Object, int, java.lang.Object)'> (0x00000000d680daf8) 
thrown [s\src\hotspot\share\interpreter\linkResolver.cpp, line 773]
Event: 19.141 Thread 0x000001bbaaac31a0 Exception <a 'java/lang/ClassNotFoundException'{0x00000000d6a32110}: sun/net/www/protocol/plurl/Handler> (0x00000000d6a32110) 
thrown [s\src\hotspot\share\classfile\systemDictionary.cpp, line 313]
Event: 19.141 Thread 0x000001bbaaac31a0 Exception <a 'java/lang/ClassNotFoundException'{0x00000000d6a32f90}: sun/net/www/protocol/plurl/Handler> (0x00000000d6a32f90) 
thrown [s\src\hotspot\share\classfile\systemDictionary.cpp, line 313]
Event: 37.049 Thread 0x000001bbaaac31a0 Exception <a 'java/lang/UnsatisfiedLinkError'{0x00000000d55ada70}: 'void org.eclipse.equinox.launcher.JNIBridge._update_splash()'> (0x00000000d55ada70) 
thrown [s\src\hotspot\share\prims\nativeLookup.cpp, line 415]
Event: 40.373 Thread 0x000001bc03672930 Exception <a 'java/lang/NoSuchMethodError'{0x00000000d586ab38}: 'void java.lang.invoke.DirectMethodHandle$Holder.invokeInterface(java.lang.Object, java.lang.Object, java.lang.Object)'> (0x00000000d586ab38) 
thrown [s\src\hotspot\share\interpreter\linkResolver.cpp, line 773]
Event: 41.079 Thread 0x000001bc034021a0 Exception <a 'java/lang/NoSuchMethodError'{0x00000000d5c39f70}: 'java.lang.Object java.lang.invoke.DirectMethodHandle$Holder.newInvokeSpecial(java.lang.Object, java.lang.Object, int, java.lang.Object)'> (0x00000000d5c39f70) 
thrown [s\src\hotspot\share\interpreter\linkResolver.cpp, line 773]
Event: 41.080 Thread 0x000001bc034021a0 Exception <a 'java/lang/NoSuchMethodError'{0x00000000d5c3dda0}: 'java.lang.Object java.lang.invoke.DirectMethodHandle$Holder.invokeSpecial(java.lang.Object, java.lang.Object, java.lang.Object, int, java.lang.Object)'> (0x00000000d5c3dda0) 
thrown [s\src\hotspot\share\interpreter\linkResolver.cpp, line 773]
Event: 41.245 Thread 0x000001bc034021a0 Exception <a 'java/lang/NoClassDefFoundError'{0x00000000d5ce4348}: jakarta/servlet/ServletContainerInitializer> (0x00000000d5ce4348) 
thrown [s\src\hotspot\share\classfile\systemDictionary.cpp, line 302]
Event: 41.525 Thread 0x000001bc034021a0 Exception <a 'java/lang/ClassNotFoundException'{0x00000000d5e38868}: sun/util/logging/resources/spi/loggingProvider> (0x00000000d5e38868) 
thrown [s\src\hotspot\share\classfile\systemDictionary.cpp, line 313]

ZGC Phase Switch (0 events):
No events

VM Operations (20 events):
Event: 20.123 Executing safepoint VM operation: Cleanup done
Event: 22.128 Executing safepoint VM operation: Cleanup
Event: 22.128 Executing safepoint VM operation: Cleanup done
Event: 37.028 Executing safepoint VM operation: ParallelGCFailedAllocation (Allocation Failure)
Event: 37.039 Executing safepoint VM operation: ParallelGCFailedAllocation (Allocation Failure) done
Event: 38.041 Executing safepoint VM operation: Cleanup
Event: 40.257 Executing safepoint VM operation: Cleanup done
Event: 41.260 Executing safepoint VM operation: Cleanup
Event: 41.260 Executing safepoint VM operation: Cleanup done
Event: 41.406 Executing non-safepoint VM operation: HandshakeAllThreads (Deoptimize)
Event: 41.406 Executing non-safepoint VM operation: HandshakeAllThreads (Deoptimize) done
Event: 41.613 Executing non-safepoint VM operation: HandshakeAllThreads (Deoptimize)
Event: 41.613 Executing non-safepoint VM operation: HandshakeAllThreads (Deoptimize) done
Event: 41.744 Executing non-safepoint VM operation: HandshakeAllThreads (Deoptimize)
Event: 41.744 Executing non-safepoint VM operation: HandshakeAllThreads (Deoptimize) done
Event: 41.956 Executing non-safepoint VM operation: HandshakeAllThreads (Deoptimize)
Event: 41.956 Executing non-safepoint VM operation: HandshakeAllThreads (Deoptimize) done
Event: 42.970 Executing safepoint VM operation: Cleanup
Event: 42.970 Executing safepoint VM operation: Cleanup done
Event: 49.022 Executing safepoint VM operation: Cleanup

Memory protections (0 events):
No events

Nmethod flushes (0 events):
No events

Events (20 events):
Event: 2.115 Thread 0x000001bbaaac31a0 Thread added: 0x000001bbaa9b2200
Event: 2.115 Thread 0x000001bbaaac31a0 Thread added: 0x000001bbaa9b2e60
Event: 2.115 Thread 0x000001bbaaac31a0 Thread added: 0x000001bbaa9b3ac0
Event: 2.115 Thread 0x000001bbaaac31a0 Thread added: 0x000001bbaa9b6530
Event: 2.116 Thread 0x000001bbaaac31a0 Thread added: 0x000001bbaa9b7370
Event: 2.136 Thread 0x000001bbaaac31a0 Thread added: 0x000001bbaaa28740
Event: 2.572 Thread 0x000001bbaaac31a0 Thread added: 0x000001bc03237be0
Event: 9.949 Thread 0x000001bbaaac31a0 Thread added: 0x000001bc0337e5c0
Event: 11.766 Thread 0x000001bbaaa28740 Thread added: 0x000001bc033e34b0
Event: 12.277 Thread 0x000001bc033e34b0 Thread exited: 0x000001bc033e34b0
Event: 14.857 Thread 0x000001bbaa9b7370 Thread added: 0x000001bc0394e6f0
Event: 15.095 Thread 0x000001bc0394e6f0 Thread exited: 0x000001bc0394e6f0
Event: 16.147 Thread 0x000001bbaaa28740 Thread added: 0x000001bc033e1f00
Event: 16.545 Thread 0x000001bc033e1f00 Thread exited: 0x000001bc033e1f00
Event: 18.848 Thread 0x000001bbaaac31a0 Thread added: 0x000001bc03199710
Event: 37.046 Thread 0x000001bbaaac31a0 Thread added: 0x000001bc03672930
Event: 40.413 Thread 0x000001bc03672930 Thread added: 0x000001bc03185810
Event: 40.432 Thread 0x000001bbaaac31a0 Thread added: 0x000001bc034021a0
Event: 42.103 Thread 0x000001bbaa9b7370 Thread added: 0x000001bc0316f280
Event: 42.409 Thread 0x000001bc0316f280 Thread exited: 0x000001bc0316f280


Dynamic libraries:
0x00007ff6e2ba0000 - 0x00007ff6e2bae000 	c:\Users\HP\.vscode\extensions\redhat.java-1.55.0-win32-x64\jre\21.0.11-win32-x86_64\bin\java.exe
0x00007ffa4a950000 - 0x00007ffa4ab48000 	C:\Windows\SYSTEM32\ntdll.dll
0x00007ffa49fc0000 - 0x00007ffa4a082000 	C:\Windows\System32\KERNEL32.DLL
0x00007ffa48170000 - 0x00007ffa48466000 	C:\Windows\System32\KERNELBASE.dll
0x00007ffa47fe0000 - 0x00007ffa480e0000 	C:\Windows\System32\ucrtbase.dll
0x00007ffa37410000 - 0x00007ffa37428000 	c:\Users\HP\.vscode\extensions\redhat.java-1.55.0-win32-x64\jre\21.0.11-win32-x86_64\bin\jli.dll
0x00007ffa4a4d0000 - 0x00007ffa4a671000 	C:\Windows\System32\USER32.dll
0x00007ffa48770000 - 0x00007ffa48792000 	C:\Windows\System32\win32u.dll
0x00007ffa48a60000 - 0x00007ffa48a8b000 	C:\Windows\System32\GDI32.dll
0x00007ffa487a0000 - 0x00007ffa488b9000 	C:\Windows\System32\gdi32full.dll
0x00007ffa485d0000 - 0x00007ffa4866d000 	C:\Windows\System32\msvcp_win.dll
0x00007ffa34620000 - 0x00007ffa3463e000 	c:\Users\HP\.vscode\extensions\redhat.java-1.55.0-win32-x64\jre\21.0.11-win32-x86_64\bin\VCRUNTIME140.dll
0x00007ffa46fd0000 - 0x00007ffa4726b000 	C:\Windows\WinSxS\amd64_microsoft.windows.common-controls_6595b64144ccf1df_6.0.19041.6456_none_60b8a6cb71f64256\COMCTL32.dll
0x00007ffa48970000 - 0x00007ffa48a0e000 	C:\Windows\System32\msvcrt.dll
0x00007ffa48a20000 - 0x00007ffa48a4f000 	C:\Windows\System32\IMM32.DLL
0x00007ffa3fd00000 - 0x00007ffa3fd0c000 	c:\Users\HP\.vscode\extensions\redhat.java-1.55.0-win32-x64\jre\21.0.11-win32-x86_64\bin\vcruntime140_1.dll
0x00007ffa18c40000 - 0x00007ffa18ccd000 	c:\Users\HP\.vscode\extensions\redhat.java-1.55.0-win32-x64\jre\21.0.11-win32-x86_64\bin\msvcp140.dll
0x00007ff9d7520000 - 0x00007ff9d82c2000 	c:\Users\HP\.vscode\extensions\redhat.java-1.55.0-win32-x64\jre\21.0.11-win32-x86_64\bin\server\jvm.dll
0x00007ffa4a280000 - 0x00007ffa4a331000 	C:\Windows\System32\ADVAPI32.dll
0x00007ffa4a750000 - 0x00007ffa4a7ef000 	C:\Windows\System32\sechost.dll
0x00007ffa4a160000 - 0x00007ffa4a280000 	C:\Windows\System32\RPCRT4.dll
0x00007ffa48740000 - 0x00007ffa48767000 	C:\Windows\System32\bcrypt.dll
0x00007ffa491c0000 - 0x00007ffa4922b000 	C:\Windows\System32\WS2_32.dll
0x00007ffa47bd0000 - 0x00007ffa47c1b000 	C:\Windows\SYSTEM32\POWRPROF.dll
0x00007ffa2d3f0000 - 0x00007ffa2d417000 	C:\Windows\SYSTEM32\WINMM.dll
0x00007ffa3f210000 - 0x00007ffa3f21a000 	C:\Windows\SYSTEM32\VERSION.dll
0x00007ffa47370000 - 0x00007ffa47382000 	C:\Windows\SYSTEM32\UMPDC.dll
0x00007ffa45840000 - 0x00007ffa45852000 	C:\Windows\SYSTEM32\kernel.appcore.dll
0x00007ffa394c0000 - 0x00007ffa394ca000 	c:\Users\HP\.vscode\extensions\redhat.java-1.55.0-win32-x64\jre\21.0.11-win32-x86_64\bin\jimage.dll
0x00007ffa479c0000 - 0x00007ffa47bc1000 	C:\Windows\SYSTEM32\DBGHELP.DLL
0x00007ffa473f0000 - 0x00007ffa47424000 	C:\Windows\SYSTEM32\dbgcore.DLL
0x00007ffa480e0000 - 0x00007ffa48162000 	C:\Windows\System32\bcryptPrimitives.dll
0x00007ffa34520000 - 0x00007ffa3452f000 	c:\Users\HP\.vscode\extensions\redhat.java-1.55.0-win32-x64\jre\21.0.11-win32-x86_64\bin\instrument.dll
0x00007ffa34530000 - 0x00007ffa34550000 	c:\Users\HP\.vscode\extensions\redhat.java-1.55.0-win32-x64\jre\21.0.11-win32-x86_64\bin\java.dll
0x00007ffa493e0000 - 0x00007ffa49b50000 	C:\Windows\System32\SHELL32.dll
0x00007ffa459b0000 - 0x00007ffa46155000 	C:\Windows\SYSTEM32\windows.storage.dll
0x00007ffa48a90000 - 0x00007ffa48de4000 	C:\Windows\System32\combase.dll
0x00007ffa47660000 - 0x00007ffa4768b000 	C:\Windows\SYSTEM32\Wldp.dll
0x00007ffa4a090000 - 0x00007ffa4a15d000 	C:\Windows\System32\OLEAUT32.dll
0x00007ffa48ed0000 - 0x00007ffa48f7d000 	C:\Windows\System32\SHCORE.dll
0x00007ffa48df0000 - 0x00007ffa48e4b000 	C:\Windows\System32\shlwapi.dll
0x00007ffa47f10000 - 0x00007ffa47f34000 	C:\Windows\SYSTEM32\profapi.dll
0x00007ffa335e0000 - 0x00007ffa335f8000 	c:\Users\HP\.vscode\extensions\redhat.java-1.55.0-win32-x64\jre\21.0.11-win32-x86_64\bin\zip.dll
0x00007ffa335d0000 - 0x00007ffa335e0000 	C:\Users\HP\.vscode\extensions\redhat.java-1.55.0-win32-x64\jre\21.0.11-win32-x86_64\bin\net.dll
0x00007ffa3e5c0000 - 0x00007ffa3e6ca000 	C:\Windows\SYSTEM32\WINHTTP.dll
0x00007ffa47300000 - 0x00007ffa4736a000 	C:\Windows\system32\mswsock.dll
0x00007ffa335b0000 - 0x00007ffa335c6000 	C:\Users\HP\.vscode\extensions\redhat.java-1.55.0-win32-x64\jre\21.0.11-win32-x86_64\bin\nio.dll
0x00007ffa33500000 - 0x00007ffa33510000 	c:\Users\HP\.vscode\extensions\redhat.java-1.55.0-win32-x64\jre\21.0.11-win32-x86_64\bin\verify.dll
0x00007ffa33660000 - 0x00007ffa336a5000 	C:\Users\HP\AppData\Roaming\Code\User\globalStorage\redhat.java\1.55.0\config_win\org.eclipse.equinox.launcher\org.eclipse.equinox.launcher.win32.win32.x86_64_1.3.100.v20260613-0559\eclipse_11924.dll
0x00007ffa4a3a0000 - 0x00007ffa4a4cb000 	C:\Windows\System32\ole32.dll

JVMTI agents:
c:\Users\HP\.vscode\extensions\redhat.java-1.55.0-win32-x64\lombok\lombok-1.18.39-4050.jar path:c:\Users\HP\.vscode\extensions\redhat.java-1.55.0-win32-x64\jre\21.0.11-win32-x86_64\bin\instrument.dll, loaded, initialized, instrumentlib options:none

dbghelp: loaded successfully - version: 4.0.5 - missing functions: none
symbol engine: initialized successfully - sym options: 0x614 - pdb path: .;c:\Users\HP\.vscode\extensions\redhat.java-1.55.0-win32-x64\jre\21.0.11-win32-x86_64\bin;C:\Windows\SYSTEM32;C:\Windows\WinSxS\amd64_microsoft.windows.common-controls_6595b64144ccf1df_6.0.19041.6456_none_60b8a6cb71f64256;c:\Users\HP\.vscode\extensions\redhat.java-1.55.0-win32-x64\jre\21.0.11-win32-x86_64\bin\server;C:\Users\HP\AppData\Roaming\Code\User\globalStorage\redhat.java\1.55.0\config_win\org.eclipse.equinox.launcher\org.eclipse.equinox.launcher.win32.win32.x86_64_1.3.100.v20260613-0559

VM Arguments:
jvm_args: --add-modules=ALL-SYSTEM --add-opens=java.base/java.util=ALL-UNNAMED --add-opens=java.base/java.lang=ALL-UNNAMED --add-opens=java.base/sun.nio.fs=ALL-UNNAMED -Declipse.application=org.eclipse.jdt.ls.core.id1 -Dosgi.bundles.defaultStartLevel=4 -Declipse.product=org.eclipse.jdt.ls.core.product -Djava.import.generatesMetadataFilesAtProjectRoot=false -DDetectVMInstallationsJob.disabled=true -Dfile.encoding=utf8 -XX:+UseParallelGC -XX:GCTimeRatio=4 -XX:AdaptiveSizePolicyWeight=90 -Dsun.zip.disableMemoryMapping=true -Xmx2G -Xms100m -Xlog:disable -javaagent:c:\Users\HP\.vscode\extensions\redhat.java-1.55.0-win32-x64\lombok\lombok-1.18.39-4050.jar -XX:+HeapDumpOnOutOfMemoryError -XX:HeapDumpPath=c:\Users\HP\AppData\Roaming\Code\User\workspaceStorage\9b418166966bcfc5356a0ba98a6cbf51\redhat.java -Daether.dependencyCollector.impl=bf 
java_command: c:\Users\HP\.vscode\extensions\redhat.java-1.55.0-win32-x64\server\plugins\org.eclipse.equinox.launcher_1.7.200.v20260619-2039.jar -configuration c:\Users\HP\AppData\Roaming\Code\User\globalStorage\redhat.java\1.55.0\config_win -data c:\Users\HP\AppData\Roaming\Code\User\workspaceStorage\9b418166966bcfc5356a0ba98a6cbf51\redhat.java\jdt_ws --pipe=\\.\pipe\lsp-1f08a1c742e58b39a24d245fe7bcf7f2-sock
java_class_path (initial): c:\Users\HP\.vscode\extensions\redhat.java-1.55.0-win32-x64\server\plugins\org.eclipse.equinox.launcher_1.7.200.v20260619-2039.jar
Launcher Type: SUN_STANDARD

[Global flags]
    uintx AdaptiveSizePolicyWeight                 = 90                                        {product} {command line}
     intx CICompilerCount                          = 3                                         {product} {ergonomic}
    uintx GCTimeRatio                              = 4                                         {product} {command line}
     bool HeapDumpOnOutOfMemoryError               = true                                   {manageable} {command line}
    ccstr HeapDumpPath                             = c:\Users\HP\AppData\Roaming\Code\User\workspaceStorage\9b418166966bcfc5356a0ba98a6cbf51\redhat.java         {manageable} {command line}
   size_t InitialHeapSize                          = 104857600                                 {product} {command line}
   size_t MaxHeapSize                              = 2147483648                                {product} {command line}
   size_t MaxNewSize                               = 715653120                                 {product} {ergonomic}
   size_t MinHeapDeltaBytes                        = 524288                                    {product} {ergonomic}
   size_t MinHeapSize                              = 104857600                                 {product} {command line}
   size_t NewSize                                  = 34603008                                  {product} {ergonomic}
    uintx NonNMethodCodeHeapSize                   = 5832780                                {pd product} {ergonomic}
    uintx NonProfiledCodeHeapSize                  = 122912730                              {pd product} {ergonomic}
   size_t OldSize                                  = 70254592                                  {product} {ergonomic}
    uintx ProfiledCodeHeapSize                     = 122912730                              {pd product} {ergonomic}
    uintx ReservedCodeCacheSize                    = 251658240                              {pd product} {ergonomic}
     bool SegmentedCodeCache                       = true                                      {product} {ergonomic}
   size_t SoftMaxHeapSize                          = 2147483648                             {manageable} {ergonomic}
     bool UseCompressedOops                        = true                           {product lp64_product} {ergonomic}
     bool UseLargePagesIndividualAllocation        = false                                  {pd product} {ergonomic}
     bool UseParallelGC                            = true                                      {product} {command line}

Logging:
Log output configuration:
 #0: stdout all=off uptime,level,tags foldmultilines=false
 #1: stderr all=off uptime,level,tags foldmultilines=false

Release file:
JAVA_VERSION="21.0.11" 
MODULES="java.base java.compiler java.datatransfer java.xml java.prefs java.desktop java.instrument java.logging java.management java.security.sasl java.naming java.rmi java.management.rmi java.net.http java.scripting java.security.jgss java.transaction.xa java.sql java.sql.rowset java.xml.crypto java.se java.smartcardio jdk.accessibility jdk.internal.jvmstat jdk.attach jdk.charsets jdk.internal.opt jdk.zipfs jdk.compiler jdk.crypto.ec jdk.crypto.cryptoki jdk.crypto.mscapi jdk.dynalink jdk.internal.ed jdk.editpad jdk.hotspot.agent jdk.httpserver jdk.internal.le jdk.internal.vm.ci jdk.internal.vm.compiler jdk.internal.vm.compiler.management jdk.jartool jdk.javadoc jdk.jcmd jdk.management jdk.management.agent jdk.jconsole jdk.jdeps jdk.jdwp.agent jdk.jdi jdk.jfr jdk.jshell jdk.jsobject jdk.jstatd jdk.localedata jdk.management.jfr jdk.naming.dns jdk.naming.rmi jdk.net jdk.nio.mapmode jdk.random jdk.sctp jdk.security.auth jdk.security.jgss jdk.unsupported jdk.unsupported.desktop jdk.xml.dom" 

Environment Variables:
JAVA_HOME=C:\Program Files\Java\jdk-18.0.2.1
PATH=C:\Program Files\Common Files\Oracle\Java\javapath;C:\MinGW\bin;C:\MinGW\bin\gcc.exe;C:\Program Files\dotnet\;C:\Users\HP\Downloads\apache-maven-3.9.9-bin\apache-maven-3.9.9\bin;C:\Users\HP\apache-maven-3.9.9\bin;C:\Program Files\apache-maven-3.9.9\bin;C:\Program Files\apache-maven-3.9.9\bin;C:\Users\HP\Downloads\nvm;C:\Program Files\nodejs;C:\Program Files\nodejs\node_modules\npm\bin;C:\Program Files\nodejs\;C:\Program Files\Microsoft SQL Server\170\Tools\Binn\;C:\Program Files\Microsoft SQL Server\Client SDK\ODBC\170\Tools\Binn\;C:\Program Files (x86)\Windows Kits\10\Windows Performance Toolkit\;"C:\msys64\mingw64\bin;C:\Users\HP\AppData\Local\Programs\Python\Python310\Scripts\";C:\Windows\system32;C:\Windows;C:\Windows\System32\Wbem;C:\Windows\System32\WindowsPowerShell\v1.0\;C:\Windows\System32\OpenSSH\;C:\Users\HP\Documents\Program Files\MySQL\MySQL Server 8.0\bin;C:\Users\HP\AppData\Local\Microsoft\WindowsApps;C:\Users\HP\AppData\Local\Programs\Microsoft VS Code\bin;C:\Python39\Scripts;C:\Users\HP\AppData\Local\Programs\mongosh\;C:\Users\HP\.dotnet\tools;C:\Users\HP\Downloads\nvm;C:\Program Files\nodejs;C:\Users\HP\AppData\Roaming\npm
USERNAME=HP
OS=Windows_NT
PROCESSOR_IDENTIFIER=Intel64 Family 6 Model 142 Stepping 10, GenuineIntel
TMP=C:\Users\HP\AppData\Local\Temp
TEMP=C:\Users\HP\AppData\Local\Temp




Periodic native trim disabled

---------------  S Y S T E M  ---------------

OS:
 Windows 10 , 64 bit Build 19041 (10.0.19041.5915)
OS uptime: 17 days 17:26 hours

CPU: total 4 (initial active 4) (2 cores per cpu, 2 threads per core) family 6 model 142 stepping 10 microcode 0xb4, cx8, cmov, fxsr, ht, mmx, 3dnowpref, sse, sse2, sse3, ssse3, sse4.1, sse4.2, popcnt, lzcnt, tsc, tscinvbit, avx, avx2, aes, erms, clmul, bmi1, bmi2, adx, fma, vzeroupper, clflush, clflushopt, rdtscp, f16c
Processor Information for the first 4 processors :
  Max Mhz: 2304, Current Mhz: 2304, Mhz Limit: 2304

Memory: 4k page, system-wide physical 8071M (837M free)
TotalPageFile size 16648M (AvailPageFile size 3916M)
current process WorkingSet (physical memory assigned to process): 93M, peak: 96M
current process commit charge ("private bytes"): 228M, peak: 230M

vm_info: OpenJDK 64-Bit Server VM (21.0.11+10-LTS) for windows-amd64 JRE (21.0.11+10-LTS), built on 2026-04-21T00:00:00Z by "admin" with MS VC++ 17.12 (VS2022)

END.
